// Jest Snapshot v1, https://goo.gl/fbAQLP

exports[`renders AddNewPost correctly 1`] = `
<div>
  <div
    className="divStyle"
  >
    <PostItemForm
      onSubmit={[Function]}
    />
    <ShowMessage
      messageType=""
    />
  </div>
</div>
`;
