// Jest Snapshot v1, https://goo.gl/fbAQLP

exports[`renders ListPosts correctly 1`] = `
<h3
  className="center"
>
  Loading posts...
</h3>
`;
