// Jest Snapshot v1, https://goo.gl/fbAQLP

exports[`renders Header correctly 1`] = `
<div>
  Error : 404. Page not found. 
  <br />
   
  <Link
    to="/"
  >
     Go home
  </Link>
</div>
`;
