// Jest Snapshot v1, https://goo.gl/fbAQLP

exports[`renders ViewPost correctly 1`] = `
<p
  className="center"
>
  Loading...
</p>
`;
